[info] Log at : 2026/5/2|20:48:57|GMT+0800

[info] Log at : 2026/5/3|13:57:33|GMT+0800

[info] Log at : 2026/5/3|16:11:59|GMT+0800

[info] Log at : 2026/5/4|15:03:19|GMT+0800

[info] Log at : 2026/5/6|20:10:27|GMT+0800

[info] Log at : 2026/5/7|19:37:42|GMT+0800

[info] Log at : 2026/5/9|21:50:47|GMT+0800

[info] Log at : 2026/5/12|20:29:51|GMT+0800

[info] Log at : 2026/5/15|10:30:32|GMT+0800

[info] Log at : 2026/5/24|19:28:53|GMT+0800

[info] Log at : 2026/5/24|19:49:32|GMT+0800

[info] Log at : 2026/5/27|20:47:04|GMT+0800

[info] Log at : 2026/6/10|09:35:30|GMT+0800

[info] Log at : 2026/6/10|21:44:40|GMT+0800

[info] Log at : 2026/6/21|19:00:33|GMT+0800

[info] Log at : 2026/6/21|19:15:29|GMT+0800

[info] Log at : 2026/6/24|21:33:00|GMT+0800

[info] Log at : 2026/7/2|10:31:43|GMT+0800

[info] Log at : 2026/7/7|18:39:55|GMT+0800

[info] Log at : 2026/7/29|14:47:42|GMT+0800

[SyntaxError: Unexpected token '﻿', "﻿{
    "co"... is not valid JSON
	at JSON.parse (<anonymous>)
	at F.updateCppProperties (c:\Users\Tang\.vscode\extensions\cl.keil-assistant-1.7.0\dist\extension.js:1:10849)
	at F.<anonymous> (c:\Users\Tang\.vscode\extensions\cl.keil-assistant-1.7.0\dist\extension.js:1:12579)
	at Generator.next (<anonymous>)
	at c:\Users\Tang\.vscode\extensions\cl.keil-assistant-1.7.0\dist\extension.js:1:4480
	at new Promise (<anonymous>)
	at r (c:\Users\Tang\.vscode\extensions\cl.keil-assistant-1.7.0\dist\extension.js:1:4225)
	at F.load (c:\Users\Tang\.vscode\extensions\cl.keil-assistant-1.7.0\dist\extension.js:1:11310)
	at w.<anonymous> (c:\Users\Tang\.vscode\extensions\cl.keil-assistant-1.7.0\dist\extension.js:1:8737)
	at Generator.next (<anonymous>)
	at a (c:\Users\Tang\.vscode\extensions\cl.keil-assistant-1.7.0\dist\extension.js:1:4282)]
